>>1
>>>>60 12:
KnsM.MXGOvv.rRpysC 77
GTMpg.DofmN.APWAji 161
GtkIXQj.ehjE.cBslh 192
KdUeVEO.PlkzNHm.MD 413
kRYCyIx.hyYXXxi.UB 288
HuOCCd.ARu.IFQYAlO 263
ctO.chrXPud.ApBhPO 494
cSWpcEB.PJMiisj.bO 960
KjWbq.pouPRb.bPvOd 485
Miy.wIjQrFO.SxHiHQ 798
dVXzUby.bFRXT.JGmp 448
ZsGR.kvzQCz.cUHXHE 866
>>>>95 12:
CXjUw.bqjNn.PTnRlwQ 2
QdBmx.REBnf.KanTsRB 95
eqgeFJW.UrbP.NVpkhJ 226
ccxDIxT.UXf.DybHagA 293
Rprpoy.zodjBn.bkPSF 626
hpsWxr.tzGwrN.UMZJv 724
AOvuN.doxUt.uYuAXZC 611
LbNNgS.kOQIUz.JsYuY 648
UAko.GRslmV.wUNztmV 673
Aaawl.JEoqgc.slQfuc 913
nQSfD.vfgRptT.iutGV 662
CcAk.RKCfrLh.XAEVgz 779
>>>>96 6:
srvZ.X.x 199
m.B.UBuq 213
Cg.xd.iF 365
AK.qw.Wi 718
z.b.QFgI 557
Oeh.gM.t 479
>>>>119 16:
yEpE.hNzbfEi.OY 91
q.URQRI.IjrLBcK 187
anSyE.x.sexgVfI 271
CWTX.HIcOVKR.mv 204
ZFK.vjgAVU.JyGo 281
ZfgI.UIECsO.BXW 306
UEpSBI.tFg.mVMO 384
PZDecY.RZIcfN.V 328
tKubi.KWJ.EXFMz 618
SvhqL.r.QhWtaqq 794
dcMo.swYjI.hThc 597
azKa.NWHfsf.nKT 320
QiFSLqJ.PAN.hFz 565
jiwDHD.XOd.NdJz 876
O.hEYtMnv.lhbYA 693
xUCIE.PcBvdDs.s 364
>>>>127 22:
LQ.mOLX.XWx 109
PY.GAc.dzaV 214
Y.PMboyqZ.I 255
t.EnXK.LsYg 241
x.XH.DgnMgY 251
Wbp.V.TjRGt 509
dbQwj.nN.Vo 463
e.tnZM.MvXw 251
Pyjms.q.nCu 519
QRmP.Rq.RLM 430
Ct.Uuab.rjn 258
sKB.UnvJa.p 855
vTFAws.r.eB 524
ukBp.hhgH.E 606
jSq.GQZLM.I 496
PZ.koVI.tlA 918
M.GrC.TqFVy 450
PhmeJwm.S.Y 627
OoaIA.RZ.ip 716
C.IcX.aqcfB 674
UOTWX.s.wfA 695
OhI.w.SpXAT 397
>>>>136 25:
G.CkWS.JQTjf 33
Tc.CKdJQV.zf 99
Y.GzovzdJ.DI 191
Dxhhs.xPiu.L 247
VThEZ.ap.pSs 306
Yqyy.onCK.wQ 329
d.bxXfuT.Ljr 394
hH.qqoCk.ByB 511
e.vIG.zzVUfq 488
nvIAEWu.pt.R 373
ZCvWZ.jr.NNZ 314
Rh.yIwQ.TfUZ 595
is.m.PHUtyGy 598
VzL.Ay.hzdmU 643
PQJ.ivCB.kdM 891
is.qHjjW.reK 630
TD.qvR.nsEvV 555
aXrQ.JJ.grLI 803
vfQV.bmyI.kD 964
l.udD.SOvXWJ 859
R.LmIVas.lZh 548
GIMU.k.JXmlv 592
cDNRO.JS.kMM 991
UyIt.WRTM.hH 888
OpO.sDMCSP.Y 658
>>>>152 6:
PtUjL.vSkoxc.siKMOSk 126
BxMEMqH.YhiJXkd.Movm 393
fyHjAf.mwojKv.ujELdl 842
FKLQGK.YvNRPe.umtsku 428
ZKwPbWK.eEeKS.WCvHMB 436
Byyay.YLkLoXo.vcojUn 899
>>>>164 4:
GQmcAA.BOMDWyV.sHtduQT 100
baSOXJ.QeFRlgh.LnvGtSu 733
dsuRNRy.SCTuJFh.AkHsUb 193
MeVKsTY.ZWrySO.TxuuXBM 874
>>>>199 2:
nB.lA.H 53
P.HU.SI 149
>>>>203 15:
D.KizR.wx 126
FRBp.b.Jk 404
v.thIb.Tn 130
km.tBd.ft 905
X.YMZM.XY 414
Z.NrNIy.W 734
kdx.Gbd.E 338
im.rsT.ns 913
vHgQN.g.k 961
PF.Cg.gVb 677
UelV.B.av 567
tV.uqW.ln 772
f.P.AZGaX 985
hR.JVDw.D 753
UFL.G.vSx 356
>>>>243 19:
Yz.DdUw.Jmztw 52
Hxt.aQqA.wHmT 154
O.iQfipcR.rMc 120
xGIuvdn.Ef.Dn 232
HXZ.QEwOg.SYy 296
OQ.kC.nAQKPIE 155
hPDM.keA.sLSJ 689
QhBVA.Svz.czV 537
dAS.mOLerQ.Xk 650
V.HsDphYK.HPx 870
mkq.ZHtQ.ePuG 794
lYZ.JHS.aHgYT 369
vSq.qtIvi.ShT 955
ds.EipP.BvOaN 696
BtPRou.Ovsn.p 958
CEj.qfmG.QZUk 824
rHl.JKNpM.bar 730
eO.VooC.nWapJ 973
Vcj.dFl.ZLNzn 899
>>>>275 3:
TIfDAG.tkHVYu.kMsInhB 25
DuyiPLY.SLGyqDH.sNCcD 697
eQAbboo.APRpA.RtviJFv 528
>>>>288 22:
VnoLPj.Zuyc.ToVE 16
qnTkKs.RoCG.QUnr 48
vDm.gFJzcT.mtVgh 51
wBXTSuz.O.RUXfKJ 229
QIGjpCJ.yGWyI.dW 310
LeBxrUp.RNH.BJuh 850
rKqk.EAvXp.BJfZT 61
tNkGfp.VIIhl.Uee 325
YeLys.NCsGv.zTWr 244
kWWVX.adBNo.IJrV 330
FPtJS.SfJvGm.DQD 479
yPlmT.cEu.AXOIUp 986
kUF.qEzyYRV.jtJl 879
gfiir.oNLZ.izbMf 772
FTr.KbeTs.qqnxYI 98
RlJQcE.BeWsbna.O 876
VgPZQnk.rQt.QaEI 331
ZxPZid.FXrCug.Hi 674
RiQ.wCzu.cmQJcdV 405
abmfGTb.CcxBBq.w 668
QwGWUi.Evbkjs.AT 531
JlR.XXicl.YbFbww 581
>>>>340 37:
nxZflNw.Rqg.kA 12
vR.bkLzIZ.AiFA 92
qdy.mL.CPSNUPB 99
oWue.h.lpKicCR 141
UWTzYb.hSeM.WX 229
OHjI.JcGdWTe.n 157
cq.IaZ.MHyOzcL 110
FnzeUs.LZz.KhQ 276
PZmKHSa.xP.cfB 219
wW.elyr.cNWbVi 334
g.UniTh.cTeuSe 273
VDo.YYDvJJz.Au 234
GTZBgw.Ioo.Khj 310
UhGr.IoSk.bDcB 175
bU.GsIzn.oJxmN 213
H.bEtefM.Fszrz 373
eLY.FOee.JHLBY 314
nEjP.cJfBcPv.P 410
swRvKB.rRO.bzW 545
c.HvLwj.RNUYMv 433
w.FmBgqIb.UFKz 377
KDtUQI.YbXLV.i 513
LkQiO.JBm.DdUC 513
y.CSqygh.SFFyY 813
pMFy.X.yjpbGfq 373
BfwKH.luEnYX.f 585
VwOA.De.GTfvym 544
ExG.WWoxNT.tEz 884
qcmq.F.ENfiOuU 532
bRvH.j.mQnftvk 625
cw.vupwe.isBFl 606
dqCVlb.MyS.FhR 578
iZw.VCq.worbUO 684
ODOAfrM.VZW.QM 352
ZnD.EJk.kBuhhf 364
sxoCDn.ibX.pyW 994
Ck.nuDtwRQ.Tuw 876
>>>>364 12:
vg.A.dcUvy 92
C.uvloPJ.P 163
KGo.hXvb.u 236
dqOHfp.V.h 620
quF.Av.zxT 295
t.gVKWu.ar 351
FhWT.lzP.e 524
Mln.Bt.uBf 766
Hb.L.rzWIf 716
UpP.gzh.mf 950
c.gujqOS.Y 688
v.mHKnLk.J 576
>>>>395 20:
PnQza.kWsq.IhdmFY 184
zXutgdV.YNR.RaEsc 202
jbTBnE.mCOQWB.sZd 200
pG.xkHqwx.UWdAggO 204
SHLpiEG.QcOWsq.nQ 235
zijEA.IxDqj.WJEiv 248
MKyu.PdjMN.gBpGHb 436
lIVef.cXCqs.EZcdr 455
bOHqszP.wyhai.RuK 332
SSntfpi.op.VJTlbK 420
VFcjAQt.wvH.QHloL 472
kCKoqz.gjAkUe.HXO 705
sxvgnJH.eFyhfMx.f 582
flfS.kKRfWn.mzmie 894
IxLkRir.AtwXF.WKF 615
gLbZKX.Metq.AhxSW 912
dJHJG.gbHUzS.FcFp 555
jgJz.pwWGqyT.cdfy 885
fZiMWhs.mRTB.kXcD 613
sqUL.mPSLo.pfyAxK 726


>>2
>>>>0 24:
CXjUw.bqjNn.PTnRlwQ 2
GTMpg.DofmN.APWAji 161
KnsM.MXGOvv.rRpysC 77
ccxDIxT.UXf.DybHagA 293
kRYCyIx.hyYXXxi.UB 288
GtkIXQj.ehjE.cBslh 192
QdBmx.REBnf.KanTsRB 95
KdUeVEO.PlkzNHm.MD 413
KjWbq.pouPRb.bPvOd 485
LbNNgS.kOQIUz.JsYuY 648
dVXzUby.bFRXT.JGmp 448
CcAk.RKCfrLh.XAEVgz 779
HuOCCd.ARu.IFQYAlO 263
ctO.chrXPud.ApBhPO 494
eqgeFJW.UrbP.NVpkhJ 226
cSWpcEB.PJMiisj.bO 960
Rprpoy.zodjBn.bkPSF 626
hpsWxr.tzGwrN.UMZJv 724
AOvuN.doxUt.uYuAXZC 611
Miy.wIjQrFO.SxHiHQ 798
UAko.GRslmV.wUNztmV 673
Aaawl.JEoqgc.slQfuc 913
nQSfD.vfgRptT.iutGV 662
ZsGR.kvzQCz.cUHXHE 866
>>>>1 22:
yEpE.hNzbfEi.OY 91
q.URQRI.IjrLBcK 187
srvZ.X.x 199
m.B.UBuq 213
CWTX.HIcOVKR.mv 204
ZfgI.UIECsO.BXW 306
PZDecY.RZIcfN.V 328
dcMo.swYjI.hThc 597
anSyE.x.sexgVfI 271
z.b.QFgI 557
ZFK.vjgAVU.JyGo 281
Oeh.gM.t 479
UEpSBI.tFg.mVMO 384
Cg.xd.iF 365
tKubi.KWJ.EXFMz 618
SvhqL.r.QhWtaqq 794
AK.qw.Wi 718
azKa.NWHfsf.nKT 320
QiFSLqJ.PAN.hFz 565
jiwDHD.XOd.NdJz 876
O.hEYtMnv.lhbYA 693
xUCIE.PcBvdDs.s 364
>>>>2 47:
G.CkWS.JQTjf 33
LQ.mOLX.XWx 109
Tc.CKdJQV.zf 99
t.EnXK.LsYg 241
PY.GAc.dzaV 214
Y.GzovzdJ.DI 191
Yqyy.onCK.wQ 329
e.tnZM.MvXw 251
Pyjms.q.nCu 519
QRmP.Rq.RLM 430
x.XH.DgnMgY 251
Y.PMboyqZ.I 255
Dxhhs.xPiu.L 247
d.bxXfuT.Ljr 394
e.vIG.zzVUfq 488
ZCvWZ.jr.NNZ 314
M.GrC.TqFVy 450
PhmeJwm.S.Y 627
TD.qvR.nsEvV 555
C.IcX.aqcfB 674
R.LmIVas.lZh 548
OhI.w.SpXAT 397
Ct.Uuab.rjn 258
sKB.UnvJa.p 855
Wbp.V.TjRGt 509
vTFAws.r.eB 524
VThEZ.ap.pSs 306
ukBp.hhgH.E 606
dbQwj.nN.Vo 463
hH.qqoCk.ByB 511
jSq.GQZLM.I 496
PZ.koVI.tlA 918
nvIAEWu.pt.R 373
Rh.yIwQ.TfUZ 595
is.m.PHUtyGy 598
VzL.Ay.hzdmU 643
PQJ.ivCB.kdM 891
OoaIA.RZ.ip 716
is.qHjjW.reK 630
aXrQ.JJ.grLI 803
vfQV.bmyI.kD 964
l.udD.SOvXWJ 859
UOTWX.s.wfA 695
GIMU.k.JXmlv 592
cDNRO.JS.kMM 991
UyIt.WRTM.hH 888
OpO.sDMCSP.Y 658
>>>>3 10:
GQmcAA.BOMDWyV.sHtduQT 100
dsuRNRy.SCTuJFh.AkHsUb 193
PtUjL.vSkoxc.siKMOSk 126
BxMEMqH.YhiJXkd.Movm 393
ZKwPbWK.eEeKS.WCvHMB 436
Byyay.YLkLoXo.vcojUn 899
fyHjAf.mwojKv.ujELdl 842
baSOXJ.QeFRlgh.LnvGtSu 733
FKLQGK.YvNRPe.umtsku 428
MeVKsTY.ZWrySO.TxuuXBM 874
>>>>4 17:
nB.lA.H 53
v.thIb.Tn 130
D.KizR.wx 126
kdx.Gbd.E 338
P.HU.SI 149
UelV.B.av 567
X.YMZM.XY 414
UFL.G.vSx 356
FRBp.b.Jk 404
im.rsT.ns 913
vHgQN.g.k 961
km.tBd.ft 905
PF.Cg.gVb 677
tV.uqW.ln 772
f.P.AZGaX 985
hR.JVDw.D 753
Z.NrNIy.W 734
>>>>5 22:
TIfDAG.tkHVYu.kMsInhB 25
Yz.DdUw.Jmztw 52
O.iQfipcR.rMc 120
xGIuvdn.Ef.Dn 232
Hxt.aQqA.wHmT 154
OQ.kC.nAQKPIE 155
hPDM.keA.sLSJ 689
QhBVA.Svz.czV 537
dAS.mOLerQ.Xk 650
HXZ.QEwOg.SYy 296
eQAbboo.APRpA.RtviJFv 528
lYZ.JHS.aHgYT 369
vSq.qtIvi.ShT 955
ds.EipP.BvOaN 696
BtPRou.Ovsn.p 958
CEj.qfmG.QZUk 824
rHl.JKNpM.bar 730
eO.VooC.nWapJ 973
Vcj.dFl.ZLNzn 899
V.HsDphYK.HPx 870
DuyiPLY.SLGyqDH.sNCcD 697
mkq.ZHtQ.ePuG 794
>>>>6 59:
nxZflNw.Rqg.kA 12
VnoLPj.Zuyc.ToVE 16
vDm.gFJzcT.mtVgh 51
UhGr.IoSk.bDcB 175
qnTkKs.RoCG.QUnr 48
vR.bkLzIZ.AiFA 92
rKqk.EAvXp.BJfZT 61
VDo.YYDvJJz.Au 234
bU.GsIzn.oJxmN 213
kWWVX.adBNo.IJrV 330
QIGjpCJ.yGWyI.dW 310
qdy.mL.CPSNUPB 99
oWue.h.lpKicCR 141
cq.IaZ.MHyOzcL 110
FTr.KbeTs.qqnxYI 98
tNkGfp.VIIhl.Uee 325
g.UniTh.cTeuSe 273
wBXTSuz.O.RUXfKJ 229
eLY.FOee.JHLBY 314
nEjP.cJfBcPv.P 410
w.FmBgqIb.UFKz 377
KDtUQI.YbXLV.i 513
pMFy.X.yjpbGfq 373
VwOA.De.GTfvym 544
qcmq.F.ENfiOuU 532
cw.vupwe.isBFl 606
UWTzYb.hSeM.WX 229
ODOAfrM.VZW.QM 352
OHjI.JcGdWTe.n 157
FnzeUs.LZz.KhQ 276
PZmKHSa.xP.cfB 219
RlJQcE.BeWsbna.O 876
wW.elyr.cNWbVi 334
VgPZQnk.rQt.QaEI 331
GTZBgw.Ioo.Khj 310
ZxPZid.FXrCug.Hi 674
YeLys.NCsGv.zTWr 244
RiQ.wCzu.cmQJcdV 405
H.bEtefM.Fszrz 373
abmfGTb.CcxBBq.w 668
swRvKB.rRO.bzW 545
QwGWUi.Evbkjs.AT 531
c.HvLwj.RNUYMv 433
JlR.XXicl.YbFbww 581
LkQiO.JBm.DdUC 513
y.CSqygh.SFFyY 813
FPtJS.SfJvGm.DQD 479
yPlmT.cEu.AXOIUp 986
BfwKH.luEnYX.f 585
ExG.WWoxNT.tEz 884
LeBxrUp.RNH.BJuh 850
kUF.qEzyYRV.jtJl 879
bRvH.j.mQnftvk 625
dqCVlb.MyS.FhR 578
iZw.VCq.worbUO 684
gfiir.oNLZ.izbMf 772
ZnD.EJk.kBuhhf 364
sxoCDn.ibX.pyW 994
Ck.nuDtwRQ.Tuw 876
>>>>7 32:
vg.A.dcUvy 92
C.uvloPJ.P 163
PnQza.kWsq.IhdmFY 184
pG.xkHqwx.UWdAggO 204
quF.Av.zxT 295
KGo.hXvb.u 236
jbTBnE.mCOQWB.sZd 200
SHLpiEG.QcOWsq.nQ 235
zijEA.IxDqj.WJEiv 248
bOHqszP.wyhai.RuK 332
SSntfpi.op.VJTlbK 420
v.mHKnLk.J 576
t.gVKWu.ar 351
FhWT.lzP.e 524
zXutgdV.YNR.RaEsc 202
sqUL.mPSLo.pfyAxK 726
dqOHfp.V.h 620
Hb.L.rzWIf 716
MKyu.PdjMN.gBpGHb 436
UpP.gzh.mf 950
lIVef.cXCqs.EZcdr 455
c.gujqOS.Y 688
VFcjAQt.wvH.QHloL 472
kCKoqz.gjAkUe.HXO 705
sxvgnJH.eFyhfMx.f 582
flfS.kKRfWn.mzmie 894
IxLkRir.AtwXF.WKF 615
gLbZKX.Metq.AhxSW 912
dJHJG.gbHUzS.FcFp 555
jgJz.pwWGqyT.cdfy 885
fZiMWhs.mRTB.kXcD 613
Mln.Bt.uBf 766


>>3
>>>>0 46:
CXjUw.bqjNn.PTnRlwQ 2
GTMpg.DofmN.APWAji 161
KnsM.MXGOvv.rRpysC 77
anSyE.x.sexgVfI 271
kRYCyIx.hyYXXxi.UB 288
yEpE.hNzbfEi.OY 91
QdBmx.REBnf.KanTsRB 95
ZFK.vjgAVU.JyGo 281
Cg.xd.iF 365
azKa.NWHfsf.nKT 320
xUCIE.PcBvdDs.s 364
GtkIXQj.ehjE.cBslh 192
q.URQRI.IjrLBcK 187
CWTX.HIcOVKR.mv 204
eqgeFJW.UrbP.NVpkhJ 226
KdUeVEO.PlkzNHm.MD 413
ccxDIxT.UXf.DybHagA 293
Oeh.gM.t 479
UEpSBI.tFg.mVMO 384
AK.qw.Wi 718
QiFSLqJ.PAN.hFz 565
O.hEYtMnv.lhbYA 693
dVXzUby.bFRXT.JGmp 448
ZsGR.kvzQCz.cUHXHE 866
CcAk.RKCfrLh.XAEVgz 779
HuOCCd.ARu.IFQYAlO 263
srvZ.X.x 199
ctO.chrXPud.ApBhPO 494
m.B.UBuq 213
ZfgI.UIECsO.BXW 306
PZDecY.RZIcfN.V 328
cSWpcEB.PJMiisj.bO 960
dcMo.swYjI.hThc 597
Rprpoy.zodjBn.bkPSF 626
z.b.QFgI 557
hpsWxr.tzGwrN.UMZJv 724
KjWbq.pouPRb.bPvOd 485
AOvuN.doxUt.uYuAXZC 611
tKubi.KWJ.EXFMz 618
Miy.wIjQrFO.SxHiHQ 798
SvhqL.r.QhWtaqq 794
UAko.GRslmV.wUNztmV 673
LbNNgS.kOQIUz.JsYuY 648
Aaawl.JEoqgc.slQfuc 913
jiwDHD.XOd.NdJz 876
nQSfD.vfgRptT.iutGV 662
>>>>1 57:
G.CkWS.JQTjf 33
LQ.mOLX.XWx 109
Tc.CKdJQV.zf 99
t.EnXK.LsYg 241
PY.GAc.dzaV 214
GQmcAA.BOMDWyV.sHtduQT 100
Yqyy.onCK.wQ 329
e.tnZM.MvXw 251
Pyjms.q.nCu 519
QRmP.Rq.RLM 430
x.XH.DgnMgY 251
PtUjL.vSkoxc.siKMOSk 126
Dxhhs.xPiu.L 247
d.bxXfuT.Ljr 394
e.vIG.zzVUfq 488
ZCvWZ.jr.NNZ 314
M.GrC.TqFVy 450
PhmeJwm.S.Y 627
TD.qvR.nsEvV 555
C.IcX.aqcfB 674
R.LmIVas.lZh 548
OhI.w.SpXAT 397
Ct.Uuab.rjn 258
dsuRNRy.SCTuJFh.AkHsUb 193
Y.GzovzdJ.DI 191
ZKwPbWK.eEeKS.WCvHMB 436
VThEZ.ap.pSs 306
FKLQGK.YvNRPe.umtsku 428
dbQwj.nN.Vo 463
hH.qqoCk.ByB 511
jSq.GQZLM.I 496
PZ.koVI.tlA 918
nvIAEWu.pt.R 373
Rh.yIwQ.TfUZ 595
is.m.PHUtyGy 598
VzL.Ay.hzdmU 643
PQJ.ivCB.kdM 891
OoaIA.RZ.ip 716
is.qHjjW.reK 630
aXrQ.JJ.grLI 803
vfQV.bmyI.kD 964
l.udD.SOvXWJ 859
UOTWX.s.wfA 695
GIMU.k.JXmlv 592
cDNRO.JS.kMM 991
UyIt.WRTM.hH 888
OpO.sDMCSP.Y 658
sKB.UnvJa.p 855
Y.PMboyqZ.I 255
Wbp.V.TjRGt 509
BxMEMqH.YhiJXkd.Movm 393
vTFAws.r.eB 524
Byyay.YLkLoXo.vcojUn 899
fyHjAf.mwojKv.ujELdl 842
baSOXJ.QeFRlgh.LnvGtSu 733
ukBp.hhgH.E 606
MeVKsTY.ZWrySO.TxuuXBM 874
>>>>2 39:
TIfDAG.tkHVYu.kMsInhB 25
Yz.DdUw.Jmztw 52
D.KizR.wx 126
nB.lA.H 53
O.iQfipcR.rMc 120
HXZ.QEwOg.SYy 296
lYZ.JHS.aHgYT 369
UFL.G.vSx 356
v.thIb.Tn 130
P.HU.SI 149
Hxt.aQqA.wHmT 154
UelV.B.av 567
QhBVA.Svz.czV 537
X.YMZM.XY 414
ds.EipP.BvOaN 696
hR.JVDw.D 753
rHl.JKNpM.bar 730
FRBp.b.Jk 404
kdx.Gbd.E 338
im.rsT.ns 913
xGIuvdn.Ef.Dn 232
vHgQN.g.k 961
OQ.kC.nAQKPIE 155
km.tBd.ft 905
hPDM.keA.sLSJ 689
PF.Cg.gVb 677
dAS.mOLerQ.Xk 650
tV.uqW.ln 772
eQAbboo.APRpA.RtviJFv 528
f.P.AZGaX 985
vSq.qtIvi.ShT 955
BtPRou.Ovsn.p 958
CEj.qfmG.QZUk 824
Z.NrNIy.W 734
eO.VooC.nWapJ 973
Vcj.dFl.ZLNzn 899
V.HsDphYK.HPx 870
DuyiPLY.SLGyqDH.sNCcD 697
mkq.ZHtQ.ePuG 794
>>>>3 91:
nxZflNw.Rqg.kA 12
VnoLPj.Zuyc.ToVE 16
vDm.gFJzcT.mtVgh 51
UhGr.IoSk.bDcB 175
qnTkKs.RoCG.QUnr 48
vR.bkLzIZ.AiFA 92
rKqk.EAvXp.BJfZT 61
jbTBnE.mCOQWB.sZd 200
zXutgdV.YNR.RaEsc 202
kWWVX.adBNo.IJrV 330
QIGjpCJ.yGWyI.dW 310
qdy.mL.CPSNUPB 99
oWue.h.lpKicCR 141
cq.IaZ.MHyOzcL 110
vg.A.dcUvy 92
VDo.YYDvJJz.Au 234
zijEA.IxDqj.WJEiv 248
bU.GsIzn.oJxmN 213
eLY.FOee.JHLBY 314
nEjP.cJfBcPv.P 410
w.FmBgqIb.UFKz 377
KDtUQI.YbXLV.i 513
pMFy.X.yjpbGfq 373
VwOA.De.GTfvym 544
qcmq.F.ENfiOuU 532
cw.vupwe.isBFl 606
UWTzYb.hSeM.WX 229
ODOAfrM.VZW.QM 352
OHjI.JcGdWTe.n 157
FTr.KbeTs.qqnxYI 98
PnQza.kWsq.IhdmFY 184
quF.Av.zxT 295
SHLpiEG.QcOWsq.nQ 235
g.UniTh.cTeuSe 273
GTZBgw.Ioo.Khj 310
t.gVKWu.ar 351
wBXTSuz.O.RUXfKJ 229
RiQ.wCzu.cmQJcdV 405
H.bEtefM.Fszrz 373
lIVef.cXCqs.EZcdr 455
VFcjAQt.wvH.QHloL 472
QwGWUi.Evbkjs.AT 531
c.HvLwj.RNUYMv 433
dJHJG.gbHUzS.FcFp 555
LkQiO.JBm.DdUC 513
y.CSqygh.SFFyY 813
FPtJS.SfJvGm.DQD 479
yPlmT.cEu.AXOIUp 986
BfwKH.luEnYX.f 585
ExG.WWoxNT.tEz 884
LeBxrUp.RNH.BJuh 850
kUF.qEzyYRV.jtJl 879
bRvH.j.mQnftvk 625
dqCVlb.MyS.FhR 578
iZw.VCq.worbUO 684
gfiir.oNLZ.izbMf 772
ZnD.EJk.kBuhhf 364
sxoCDn.ibX.pyW 994
Ck.nuDtwRQ.Tuw 876
FnzeUs.LZz.KhQ 276
C.uvloPJ.P 163
PZmKHSa.xP.cfB 219
pG.xkHqwx.UWdAggO 204
RlJQcE.BeWsbna.O 876
tNkGfp.VIIhl.Uee 325
wW.elyr.cNWbVi 334
KGo.hXvb.u 236
VgPZQnk.rQt.QaEI 331
bOHqszP.wyhai.RuK 332
SSntfpi.op.VJTlbK 420
v.mHKnLk.J 576
ZxPZid.FXrCug.Hi 674
FhWT.lzP.e 524
YeLys.NCsGv.zTWr 244
sqUL.mPSLo.pfyAxK 726
dqOHfp.V.h 620
Hb.L.rzWIf 716
MKyu.PdjMN.gBpGHb 436
UpP.gzh.mf 950
abmfGTb.CcxBBq.w 668
c.gujqOS.Y 688
swRvKB.rRO.bzW 545
kCKoqz.gjAkUe.HXO 705
sxvgnJH.eFyhfMx.f 582
flfS.kKRfWn.mzmie 894
IxLkRir.AtwXF.WKF 615
gLbZKX.Metq.AhxSW 912
JlR.XXicl.YbFbww 581
jgJz.pwWGqyT.cdfy 885
fZiMWhs.mRTB.kXcD 613
Mln.Bt.uBf 766


>>4
>>>>0 100:
eqgeFJW.UrbP.NVpkhJ 226
G.CkWS.JQTjf 33
ZCvWZ.jr.NNZ 314
Y.GzovzdJ.DI 191
GTMpg.DofmN.APWAji 161
yEpE.hNzbfEi.OY 91
M.GrC.TqFVy 450
dsuRNRy.SCTuJFh.AkHsUb 193
VThEZ.ap.pSs 306
azKa.NWHfsf.nKT 320
Y.PMboyqZ.I 255
Tc.CKdJQV.zf 99
GQmcAA.BOMDWyV.sHtduQT 100
PtUjL.vSkoxc.siKMOSk 126
baSOXJ.QeFRlgh.LnvGtSu 733
KdUeVEO.PlkzNHm.MD 413
Ct.Uuab.rjn 258
Cg.xd.iF 365
nvIAEWu.pt.R 373
Rh.yIwQ.TfUZ 595
QiFSLqJ.PAN.hFz 565
GIMU.k.JXmlv 592
kRYCyIx.hyYXXxi.UB 288
LQ.mOLX.XWx 109
PY.GAc.dzaV 214
q.URQRI.IjrLBcK 187
srvZ.X.x 199
x.XH.DgnMgY 251
CWTX.HIcOVKR.mv 204
ZfgI.UIECsO.BXW 306
CcAk.RKCfrLh.XAEVgz 779
TD.qvR.nsEvV 555
R.LmIVas.lZh 548
ccxDIxT.UXf.DybHagA 293
anSyE.x.sexgVfI 271
ZKwPbWK.eEeKS.WCvHMB 436
FKLQGK.YvNRPe.umtsku 428
jSq.GQZLM.I 496
UEpSBI.tFg.mVMO 384
is.m.PHUtyGy 598
VzL.Ay.hzdmU 643
is.qHjjW.reK 630
LbNNgS.kOQIUz.JsYuY 648
UOTWX.s.wfA 695
O.hEYtMnv.lhbYA 693
OpO.sDMCSP.Y 658
xUCIE.PcBvdDs.s 364
BxMEMqH.YhiJXkd.Movm 393
GtkIXQj.ehjE.cBslh 192
ukBp.hhgH.E 606
t.EnXK.LsYg 241
HuOCCd.ARu.IFQYAlO 263
Yqyy.onCK.wQ 329
e.tnZM.MvXw 251
Pyjms.q.nCu 519
ctO.chrXPud.ApBhPO 494
QRmP.Rq.RLM 430
m.B.UBuq 213
Dxhhs.xPiu.L 247
d.bxXfuT.Ljr 394
e.vIG.zzVUfq 488
PZDecY.RZIcfN.V 328
fyHjAf.mwojKv.ujELdl 842
cSWpcEB.PJMiisj.bO 960
PhmeJwm.S.Y 627
C.IcX.aqcfB 674
dcMo.swYjI.hThc 597
Rprpoy.zodjBn.bkPSF 626
OhI.w.SpXAT 397
z.b.QFgI 557
ZFK.vjgAVU.JyGo 281
hpsWxr.tzGwrN.UMZJv 724
Oeh.gM.t 479
KjWbq.pouPRb.bPvOd 485
dbQwj.nN.Vo 463
AOvuN.doxUt.uYuAXZC 611
hH.qqoCk.ByB 511
PZ.koVI.tlA 918
tKubi.KWJ.EXFMz 618
Miy.wIjQrFO.SxHiHQ 798
AK.qw.Wi 718
SvhqL.r.QhWtaqq 794
PQJ.ivCB.kdM 891
OoaIA.RZ.ip 716
UAko.GRslmV.wUNztmV 673
aXrQ.JJ.grLI 803
vfQV.bmyI.kD 964
Aaawl.JEoqgc.slQfuc 913
l.udD.SOvXWJ 859
jiwDHD.XOd.NdJz 876
cDNRO.JS.kMM 991
UyIt.WRTM.hH 888
nQSfD.vfgRptT.iutGV 662
sKB.UnvJa.p 855
dVXzUby.bFRXT.JGmp 448
ZsGR.kvzQCz.cUHXHE 866
Wbp.V.TjRGt 509
vTFAws.r.eB 524
Byyay.YLkLoXo.vcojUn 899
MeVKsTY.ZWrySO.TxuuXBM 874
>>>>1 100:
RlJQcE.BeWsbna.O 876
VnoLPj.Zuyc.ToVE 16
jgJz.pwWGqyT.cdfy 885
nB.lA.H 53
TIfDAG.tkHVYu.kMsInhB 25
qdy.mL.CPSNUPB 99
flfS.kKRfWn.mzmie 894
FTr.KbeTs.qqnxYI 98
v.thIb.Tn 130
vDm.gFJzcT.mtVgh 51
qnTkKs.RoCG.QUnr 48
C.uvloPJ.P 163
cq.IaZ.MHyOzcL 110
zijEA.IxDqj.WJEiv 248
gLbZKX.Metq.AhxSW 912
ODOAfrM.VZW.QM 352
OHjI.JcGdWTe.n 157
SHLpiEG.QcOWsq.nQ 235
wBXTSuz.O.RUXfKJ 229
O.iQfipcR.rMc 120
Yz.DdUw.Jmztw 52
vR.bkLzIZ.AiFA 92
rKqk.EAvXp.BJfZT 61
FnzeUs.LZz.KhQ 276
zXutgdV.YNR.RaEsc 202
oWue.h.lpKicCR 141
D.KizR.wx 126
lYZ.JHS.aHgYT 369
eLY.FOee.JHLBY 314
UpP.gzh.mf 950
w.FmBgqIb.UFKz 377
cw.vupwe.isBFl 606
UFL.G.vSx 356
UWTzYb.hSeM.WX 229
PnQza.kWsq.IhdmFY 184
g.UniTh.cTeuSe 273
GTZBgw.Ioo.Khj 310
kdx.Gbd.E 338
H.bEtefM.Fszrz 373
VFcjAQt.wvH.QHloL 472
P.HU.SI 149
xGIuvdn.Ef.Dn 232
UhGr.IoSk.bDcB 175
BfwKH.luEnYX.f 585
Hxt.aQqA.wHmT 154
OQ.kC.nAQKPIE 155
jbTBnE.mCOQWB.sZd 200
ZnD.EJk.kBuhhf 364
kWWVX.adBNo.IJrV 330
pG.xkHqwx.UWdAggO 204
QIGjpCJ.yGWyI.dW 310
PF.Cg.gVb 677
QhBVA.Svz.czV 537
dAS.mOLerQ.Xk 650
VDo.YYDvJJz.Au 234
tV.uqW.ln 772
X.YMZM.XY 414
eQAbboo.APRpA.RtviJFv 528
nEjP.cJfBcPv.P 410
f.P.AZGaX 985
ds.EipP.BvOaN 696
vSq.qtIvi.ShT 955
VwOA.De.GTfvym 544
BtPRou.Ovsn.p 958
hR.JVDw.D 753
CEj.qfmG.QZUk 824
qcmq.F.ENfiOuU 532
Z.NrNIy.W 734
rHl.JKNpM.bar 730
eO.VooC.nWapJ 973
quF.Av.zxT 295
Vcj.dFl.ZLNzn 899
FRBp.b.Jk 404
V.HsDphYK.HPx 870
t.gVKWu.ar 351
DuyiPLY.SLGyqDH.sNCcD 697
RiQ.wCzu.cmQJcdV 405
mkq.ZHtQ.ePuG 794
lIVef.cXCqs.EZcdr 455
im.rsT.ns 913
QwGWUi.Evbkjs.AT 531
c.HvLwj.RNUYMv 433
dJHJG.gbHUzS.FcFp 555
LkQiO.JBm.DdUC 513
y.CSqygh.SFFyY 813
FPtJS.SfJvGm.DQD 479
yPlmT.cEu.AXOIUp 986
vHgQN.g.k 961
ExG.WWoxNT.tEz 884
LeBxrUp.RNH.BJuh 850
kUF.qEzyYRV.jtJl 879
bRvH.j.mQnftvk 625
dqCVlb.MyS.FhR 578
iZw.VCq.worbUO 684
gfiir.oNLZ.izbMf 772
km.tBd.ft 905
sxoCDn.ibX.pyW 994
Ck.nuDtwRQ.Tuw 876
UelV.B.av 567
Mln.Bt.uBf 766


